Archive member included to satisfy reference by file (symbol)

LED/libLED_lib.a(led.c.obj)   CMakeFiles/test.dir/src/main.c.obj (LED_vInit)
LED/libLED_lib.a(led_cfg.c.obj)
                              LED/libLED_lib.a(led.c.obj) (LED_arrCfgs)
SCHED/libSCHED_lib.a(scheduler.c.obj)
                              CMakeFiles/test.dir/src/main.c.obj (SCHED_vInit)
UART_INT/libUART_INT_lib.a(uart_int.c.obj)
                              CMakeFiles/test.dir/src/main.c.obj (UsartInt_vInit)
UART_INT/libUART_INT_lib.a(uart_int_cfg.c.obj)
                              UART_INT/libUART_INT_lib.a(uart_int.c.obj) (UartInt_arrCfgs)
GPIO/libGPIO_lib.a(GPIO.c.obj)
                              LED/libLED_lib.a(led.c.obj) (GPIO_enuCfgPin)
USART/libUSART_lib.a(usart.c.obj)
                              UART_INT/libUART_INT_lib.a(uart_int.c.obj) (Usart_enuInit)
NVIC/libNVIC_lib.a(nvic.c.obj)
                              UART_INT/libUART_INT_lib.a(uart_int.c.obj) (NVIC_enuEnableIRQn)
SYSTICK/libSYSTICK_lib.a(systick.c.obj)
                              SCHED/libSCHED_lib.a(scheduler.c.obj) (Systick_vStart)
RCC/libRCC_lib.a(rcc.c.obj)   LED/libLED_lib.a(led.c.obj) (RCC_enuCtlPeripheral)
/usr/lib/gcc/arm-none-eabi/10.3.1/thumb/v7e-m+fp/softfp/libgcc.a(_arm_addsubdf3.o)
                              USART/libUSART_lib.a(usart.c.obj) (__aeabi_dadd)
/usr/lib/gcc/arm-none-eabi/10.3.1/thumb/v7e-m+fp/softfp/libgcc.a(_arm_fixunsdfsi.o)
                              USART/libUSART_lib.a(usart.c.obj) (__aeabi_d2uiz)
/usr/lib/gcc/arm-none-eabi/10.3.1/../../../arm-none-eabi/lib/thumb/v7e-m+fp/softfp/libg.a(lib_a-atexit.o)
                              /usr/lib/gcc/arm-none-eabi/10.3.1/../../../arm-none-eabi/lib/thumb/v7e-m+fp/softfp/crt0.o (atexit)
/usr/lib/gcc/arm-none-eabi/10.3.1/../../../arm-none-eabi/lib/thumb/v7e-m+fp/softfp/libg.a(lib_a-exit.o)
                              /usr/lib/gcc/arm-none-eabi/10.3.1/../../../arm-none-eabi/lib/thumb/v7e-m+fp/softfp/crt0.o (exit)
/usr/lib/gcc/arm-none-eabi/10.3.1/../../../arm-none-eabi/lib/thumb/v7e-m+fp/softfp/libg.a(lib_a-fini.o)
                              /usr/lib/gcc/arm-none-eabi/10.3.1/../../../arm-none-eabi/lib/thumb/v7e-m+fp/softfp/crt0.o (__libc_fini_array)
/usr/lib/gcc/arm-none-eabi/10.3.1/../../../arm-none-eabi/lib/thumb/v7e-m+fp/softfp/libg.a(lib_a-impure.o)
                              /usr/lib/gcc/arm-none-eabi/10.3.1/../../../arm-none-eabi/lib/thumb/v7e-m+fp/softfp/libg.a(lib_a-exit.o) (_global_impure_ptr)
/usr/lib/gcc/arm-none-eabi/10.3.1/../../../arm-none-eabi/lib/thumb/v7e-m+fp/softfp/libg.a(lib_a-init.o)
                              /usr/lib/gcc/arm-none-eabi/10.3.1/../../../arm-none-eabi/lib/thumb/v7e-m+fp/softfp/crt0.o (__libc_init_array)
/usr/lib/gcc/arm-none-eabi/10.3.1/../../../arm-none-eabi/lib/thumb/v7e-m+fp/softfp/libg.a(lib_a-memset.o)
                              /usr/lib/gcc/arm-none-eabi/10.3.1/../../../arm-none-eabi/lib/thumb/v7e-m+fp/softfp/crt0.o (memset)
/usr/lib/gcc/arm-none-eabi/10.3.1/../../../arm-none-eabi/lib/thumb/v7e-m+fp/softfp/libg.a(lib_a-__atexit.o)
                              /usr/lib/gcc/arm-none-eabi/10.3.1/../../../arm-none-eabi/lib/thumb/v7e-m+fp/softfp/libg.a(lib_a-atexit.o) (__register_exitproc)
/usr/lib/gcc/arm-none-eabi/10.3.1/../../../arm-none-eabi/lib/thumb/v7e-m+fp/softfp/libg.a(lib_a-__call_atexit.o)
                              /usr/lib/gcc/arm-none-eabi/10.3.1/../../../arm-none-eabi/lib/thumb/v7e-m+fp/softfp/libg.a(lib_a-exit.o) (__call_exitprocs)

Discarded input sections

 .text          0x0000000000000000        0x0 /usr/lib/gcc/arm-none-eabi/10.3.1/thumb/v7e-m+fp/softfp/crti.o
 .data          0x0000000000000000        0x0 /usr/lib/gcc/arm-none-eabi/10.3.1/thumb/v7e-m+fp/softfp/crti.o
 .bss           0x0000000000000000        0x0 /usr/lib/gcc/arm-none-eabi/10.3.1/thumb/v7e-m+fp/softfp/crti.o
 .text          0x0000000000000000       0x88 /usr/lib/gcc/arm-none-eabi/10.3.1/thumb/v7e-m+fp/softfp/crtbegin.o
 .data          0x0000000000000000        0x4 /usr/lib/gcc/arm-none-eabi/10.3.1/thumb/v7e-m+fp/softfp/crtbegin.o
 .bss           0x0000000000000000       0x1c /usr/lib/gcc/arm-none-eabi/10.3.1/thumb/v7e-m+fp/softfp/crtbegin.o
 .rodata        0x0000000000000000       0x24 /usr/lib/gcc/arm-none-eabi/10.3.1/thumb/v7e-m+fp/softfp/crtbegin.o
 .init_array    0x0000000000000000        0x4 /usr/lib/gcc/arm-none-eabi/10.3.1/thumb/v7e-m+fp/softfp/crtbegin.o
 .fini_array    0x0000000000000000        0x4 /usr/lib/gcc/arm-none-eabi/10.3.1/thumb/v7e-m+fp/softfp/crtbegin.o
 .eh_frame      0x0000000000000000        0x0 /usr/lib/gcc/arm-none-eabi/10.3.1/thumb/v7e-m+fp/softfp/crtbegin.o
 .tm_clone_table
                0x0000000000000000        0x0 /usr/lib/gcc/arm-none-eabi/10.3.1/thumb/v7e-m+fp/softfp/crtbegin.o
 .comment       0x0000000000000000       0x34 /usr/lib/gcc/arm-none-eabi/10.3.1/thumb/v7e-m+fp/softfp/crtbegin.o
 .ARM.attributes
                0x0000000000000000       0x32 /usr/lib/gcc/arm-none-eabi/10.3.1/thumb/v7e-m+fp/softfp/crtbegin.o
 .text          0x0000000000000000       0x70 /usr/lib/gcc/arm-none-eabi/10.3.1/../../../arm-none-eabi/lib/thumb/v7e-m+fp/softfp/crt0.o
 .data          0x0000000000000000        0x0 /usr/lib/gcc/arm-none-eabi/10.3.1/../../../arm-none-eabi/lib/thumb/v7e-m+fp/softfp/crt0.o
 .bss           0x0000000000000000        0x0 /usr/lib/gcc/arm-none-eabi/10.3.1/../../../arm-none-eabi/lib/thumb/v7e-m+fp/softfp/crt0.o
 .ARM.extab     0x0000000000000000        0x0 /usr/lib/gcc/arm-none-eabi/10.3.1/../../../arm-none-eabi/lib/thumb/v7e-m+fp/softfp/crt0.o
 .ARM.exidx     0x0000000000000000       0x10 /usr/lib/gcc/arm-none-eabi/10.3.1/../../../arm-none-eabi/lib/thumb/v7e-m+fp/softfp/crt0.o
 .debug_line    0x0000000000000000       0x87 /usr/lib/gcc/arm-none-eabi/10.3.1/../../../arm-none-eabi/lib/thumb/v7e-m+fp/softfp/crt0.o
 .debug_info    0x0000000000000000       0x26 /usr/lib/gcc/arm-none-eabi/10.3.1/../../../arm-none-eabi/lib/thumb/v7e-m+fp/softfp/crt0.o
 .debug_abbrev  0x0000000000000000       0x14 /usr/lib/gcc/arm-none-eabi/10.3.1/../../../arm-none-eabi/lib/thumb/v7e-m+fp/softfp/crt0.o
 .debug_aranges
                0x0000000000000000       0x20 /usr/lib/gcc/arm-none-eabi/10.3.1/../../../arm-none-eabi/lib/thumb/v7e-m+fp/softfp/crt0.o
 .debug_str     0x0000000000000000       0x9a /usr/lib/gcc/arm-none-eabi/10.3.1/../../../arm-none-eabi/lib/thumb/v7e-m+fp/softfp/crt0.o
 .ARM.attributes
                0x0000000000000000       0x1c /usr/lib/gcc/arm-none-eabi/10.3.1/../../../arm-none-eabi/lib/thumb/v7e-m+fp/softfp/crt0.o
 .text          0x0000000000000000        0x0 CMakeFiles/test.dir/src/main.c.obj
 .data          0x0000000000000000        0x0 CMakeFiles/test.dir/src/main.c.obj
 .bss           0x0000000000000000        0x0 CMakeFiles/test.dir/src/main.c.obj
 .data          0x0000000000000000        0x0 CMakeFiles/test.dir/home/adhamwalaa/gitHub_Repos/ES45_ARM/COTS/COMMON/startup.s.obj
 .bss           0x0000000000000000        0x0 CMakeFiles/test.dir/home/adhamwalaa/gitHub_Repos/ES45_ARM/COTS/COMMON/startup.s.obj
 .text          0x0000000000000000        0x0 LED/libLED_lib.a(led.c.obj)
 .data          0x0000000000000000        0x0 LED/libLED_lib.a(led.c.obj)
 .bss           0x0000000000000000        0x0 LED/libLED_lib.a(led.c.obj)
 .text          0x0000000000000000        0x0 LED/libLED_lib.a(led_cfg.c.obj)
 .data          0x0000000000000000        0x0 LED/libLED_lib.a(led_cfg.c.obj)
 .bss           0x0000000000000000        0x0 LED/libLED_lib.a(led_cfg.c.obj)
 .text          0x0000000000000000        0x0 SCHED/libSCHED_lib.a(scheduler.c.obj)
 .data          0x0000000000000000        0x0 SCHED/libSCHED_lib.a(scheduler.c.obj)
 .bss           0x0000000000000000        0x0 SCHED/libSCHED_lib.a(scheduler.c.obj)
 .text.SHED_vStop
                0x0000000000000000        0xc SCHED/libSCHED_lib.a(scheduler.c.obj)
 .text          0x0000000000000000        0x0 UART_INT/libUART_INT_lib.a(uart_int.c.obj)
 .data          0x0000000000000000        0x0 UART_INT/libUART_INT_lib.a(uart_int.c.obj)
 .bss           0x0000000000000000        0x0 UART_INT/libUART_INT_lib.a(uart_int.c.obj)
 .text.UartInt_enuReceiveBuffer
                0x0000000000000000       0x54 UART_INT/libUART_INT_lib.a(uart_int.c.obj)
 .text          0x0000000000000000        0x0 UART_INT/libUART_INT_lib.a(uart_int_cfg.c.obj)
 .data          0x0000000000000000        0x0 UART_INT/libUART_INT_lib.a(uart_int_cfg.c.obj)
 .bss           0x0000000000000000        0x0 UART_INT/libUART_INT_lib.a(uart_int_cfg.c.obj)
 .text          0x0000000000000000        0x0 GPIO/libGPIO_lib.a(GPIO.c.obj)
 .data          0x0000000000000000        0x0 GPIO/libGPIO_lib.a(GPIO.c.obj)
 .bss           0x0000000000000000        0x0 GPIO/libGPIO_lib.a(GPIO.c.obj)
 .text.GPIO_enuGetPinState
                0x0000000000000000       0x74 GPIO/libGPIO_lib.a(GPIO.c.obj)
 .text.GPIO_enuSetPortVal
                0x0000000000000000       0x44 GPIO/libGPIO_lib.a(GPIO.c.obj)
 .text.GPIO_enuGetPortVal
                0x0000000000000000       0x50 GPIO/libGPIO_lib.a(GPIO.c.obj)
 .text          0x0000000000000000        0x0 USART/libUSART_lib.a(usart.c.obj)
 .data          0x0000000000000000        0x0 USART/libUSART_lib.a(usart.c.obj)
 .bss           0x0000000000000000        0x0 USART/libUSART_lib.a(usart.c.obj)
 .text.Usart_sendByteBlocking
                0x0000000000000000       0x50 USART/libUSART_lib.a(usart.c.obj)
 .text.USART_enuDisableInt
                0x0000000000000000       0x80 USART/libUSART_lib.a(usart.c.obj)
 .text.USART_enuEnableDMA_TX
                0x0000000000000000       0x44 USART/libUSART_lib.a(usart.c.obj)
 .text.USART_enuDisableDMA_TX
                0x0000000000000000       0x44 USART/libUSART_lib.a(usart.c.obj)
 .text.USART_enuEnableDMA_RX
                0x0000000000000000       0x44 USART/libUSART_lib.a(usart.c.obj)
 .text.USART_enuDisableDMA_RX
                0x0000000000000000       0x44 USART/libUSART_lib.a(usart.c.obj)
 .text.USART_enuGetTXCVal
                0x0000000000000000       0x54 USART/libUSART_lib.a(usart.c.obj)
 .text.USART_enuGetTXEVal
                0x0000000000000000       0x54 USART/libUSART_lib.a(usart.c.obj)
 .text.USART_enuGetRXNEval
                0x0000000000000000       0x54 USART/libUSART_lib.a(usart.c.obj)
 .text          0x0000000000000000        0x0 NVIC/libNVIC_lib.a(nvic.c.obj)
 .data          0x0000000000000000        0x0 NVIC/libNVIC_lib.a(nvic.c.obj)
 .bss           0x0000000000000000        0x0 NVIC/libNVIC_lib.a(nvic.c.obj)
 .text.NVIC_enuDisableIRQn
                0x0000000000000000       0x54 NVIC/libNVIC_lib.a(nvic.c.obj)
 .text.NVIC_enuSetPendingIRQn
                0x0000000000000000       0x54 NVIC/libNVIC_lib.a(nvic.c.obj)
 .text.NVIC_enuGetPendingIRQn
                0x0000000000000000       0x64 NVIC/libNVIC_lib.a(nvic.c.obj)
 .text.NVIC_enuSetPriorityIRQn
                0x0000000000000000       0x74 NVIC/libNVIC_lib.a(nvic.c.obj)
 .text.NVIC_enuGetPriorityIRQn
                0x0000000000000000       0x68 NVIC/libNVIC_lib.a(nvic.c.obj)
 .text.NVIC_enuSetGroupPriority
                0x0000000000000000       0x84 NVIC/libNVIC_lib.a(nvic.c.obj)
 .text.NVIC_enuGetGroupPriorityIRQn
                0x0000000000000000       0x6c NVIC/libNVIC_lib.a(nvic.c.obj)
 .text.NVIC_enuSetSubGroupPriority
                0x0000000000000000       0x80 NVIC/libNVIC_lib.a(nvic.c.obj)
 .text.NVIC_enuGetSubGroupPriorityIRQn
                0x0000000000000000       0x68 NVIC/libNVIC_lib.a(nvic.c.obj)
 .text.NVIC_enuTriggerInterrupt
                0x0000000000000000       0x38 NVIC/libNVIC_lib.a(nvic.c.obj)
 .text          0x0000000000000000        0x0 SYSTICK/libSYSTICK_lib.a(systick.c.obj)
 .data          0x0000000000000000        0x0 SYSTICK/libSYSTICK_lib.a(systick.c.obj)
 .bss           0x0000000000000000        0x0 SYSTICK/libSYSTICK_lib.a(systick.c.obj)
 .text.Systick_vStop
                0x0000000000000000       0x24 SYSTICK/libSYSTICK_lib.a(systick.c.obj)
 .text.Systick_vDelayMs
                0x0000000000000000       0x2c SYSTICK/libSYSTICK_lib.a(systick.c.obj)
 .text          0x0000000000000000        0x0 RCC/libRCC_lib.a(rcc.c.obj)
 .data          0x0000000000000000        0x0 RCC/libRCC_lib.a(rcc.c.obj)
 .bss           0x0000000000000000        0x0 RCC/libRCC_lib.a(rcc.c.obj)
 .rodata.RCC_arrHPREmap
                0x0000000000000000        0x9 RCC/libRCC_lib.a(rcc.c.obj)
 .rodata.RCC_arrPPRmap
                0x0000000000000000        0x5 RCC/libRCC_lib.a(rcc.c.obj)
 .text.RCC_enuCtlClk
                0x0000000000000000       0xa4 RCC/libRCC_lib.a(rcc.c.obj)
 .text.RCC_enuClkIsRdy
                0x0000000000000000       0x60 RCC/libRCC_lib.a(rcc.c.obj)
 .text.RCC_selCLK
                0x0000000000000000       0x94 RCC/libRCC_lib.a(rcc.c.obj)
 .text.RCC_enuCFGPLL
                0x0000000000000000      0x1ec RCC/libRCC_lib.a(rcc.c.obj)
 .text.RCC_enuBypassHSE
                0x0000000000000000       0x60 RCC/libRCC_lib.a(rcc.c.obj)
 .text.RCC_enuRstPeripheral
                0x0000000000000000      0x15c RCC/libRCC_lib.a(rcc.c.obj)
 .text.RCC_enuSetBusPrescaler
                0x0000000000000000       0xe8 RCC/libRCC_lib.a(rcc.c.obj)
 .data          0x0000000000000000        0x0 /usr/lib/gcc/arm-none-eabi/10.3.1/thumb/v7e-m+fp/softfp/libgcc.a(_arm_addsubdf3.o)
 .bss           0x0000000000000000        0x0 /usr/lib/gcc/arm-none-eabi/10.3.1/thumb/v7e-m+fp/softfp/libgcc.a(_arm_addsubdf3.o)
 .data          0x0000000000000000        0x0 /usr/lib/gcc/arm-none-eabi/10.3.1/thumb/v7e-m+fp/softfp/libgcc.a(_arm_fixunsdfsi.o)
 .bss           0x0000000000000000        0x0 /usr/lib/gcc/arm-none-eabi/10.3.1/thumb/v7e-m+fp/softfp/libgcc.a(_arm_fixunsdfsi.o)
 .text          0x0000000000000000        0xc /usr/lib/gcc/arm-none-eabi/10.3.1/../../../arm-none-eabi/lib/thumb/v7e-m+fp/softfp/libg.a(lib_a-atexit.o)
 .data          0x0000000000000000        0x0 /usr/lib/gcc/arm-none-eabi/10.3.1/../../../arm-none-eabi/lib/thumb/v7e-m+fp/softfp/libg.a(lib_a-atexit.o)
 .bss           0x0000000000000000        0x0 /usr/lib/gcc/arm-none-eabi/10.3.1/../../../arm-none-eabi/lib/thumb/v7e-m+fp/softfp/libg.a(lib_a-atexit.o)
 .debug_info    0x0000000000000000      0x100 /usr/lib/gcc/arm-none-eabi/10.3.1/../../../arm-none-eabi/lib/thumb/v7e-m+fp/softfp/libg.a(lib_a-atexit.o)
 .debug_abbrev  0x0000000000000000       0xb7 /usr/lib/gcc/arm-none-eabi/10.3.1/../../../arm-none-eabi/lib/thumb/v7e-m+fp/softfp/libg.a(lib_a-atexit.o)
 .debug_loc     0x0000000000000000       0x32 /usr/lib/gcc/arm-none-eabi/10.3.1/../../../arm-none-eabi/lib/thumb/v7e-m+fp/softfp/libg.a(lib_a-atexit.o)
 .debug_aranges
                0x0000000000000000       0x20 /usr/lib/gcc/arm-none-eabi/10.3.1/../../../arm-none-eabi/lib/thumb/v7e-m+fp/softfp/libg.a(lib_a-atexit.o)
 .debug_line    0x0000000000000000       0xc0 /usr/lib/gcc/arm-none-eabi/10.3.1/../../../arm-none-eabi/lib/thumb/v7e-m+fp/softfp/libg.a(lib_a-atexit.o)
 .debug_str     0x0000000000000000      0x1ea /usr/lib/gcc/arm-none-eabi/10.3.1/../../../arm-none-eabi/lib/thumb/v7e-m+fp/softfp/libg.a(lib_a-atexit.o)
 .comment       0x0000000000000000       0x34 /usr/lib/gcc/arm-none-eabi/10.3.1/../../../arm-none-eabi/lib/thumb/v7e-m+fp/softfp/libg.a(lib_a-atexit.o)
 .debug_frame   0x0000000000000000       0x20 /usr/lib/gcc/arm-none-eabi/10.3.1/../../../arm-none-eabi/lib/thumb/v7e-m+fp/softfp/libg.a(lib_a-atexit.o)
 .ARM.attributes
                0x0000000000000000       0x32 /usr/lib/gcc/arm-none-eabi/10.3.1/../../../arm-none-eabi/lib/thumb/v7e-m+fp/softfp/libg.a(lib_a-atexit.o)
 .text          0x0000000000000000       0x20 /usr/lib/gcc/arm-none-eabi/10.3.1/../../../arm-none-eabi/lib/thumb/v7e-m+fp/softfp/libg.a(lib_a-exit.o)
 .data          0x0000000000000000        0x0 /usr/lib/gcc/arm-none-eabi/10.3.1/../../../arm-none-eabi/lib/thumb/v7e-m+fp/softfp/libg.a(lib_a-exit.o)
 .bss           0x0000000000000000        0x0 /usr/lib/gcc/arm-none-eabi/10.3.1/../../../arm-none-eabi/lib/thumb/v7e-m+fp/softfp/libg.a(lib_a-exit.o)
 .debug_info    0x0000000000000000      0x969 /usr/lib/gcc/arm-none-eabi/10.3.1/../../../arm-none-eabi/lib/thumb/v7e-m+fp/softfp/libg.a(lib_a-exit.o)
 .debug_abbrev  0x0000000000000000      0x20c /usr/lib/gcc/arm-none-eabi/10.3.1/../../../arm-none-eabi/lib/thumb/v7e-m+fp/softfp/libg.a(lib_a-exit.o)
 .debug_loc     0x0000000000000000       0x22 /usr/lib/gcc/arm-none-eabi/10.3.1/../../../arm-none-eabi/lib/thumb/v7e-m+fp/softfp/libg.a(lib_a-exit.o)
 .debug_aranges
                0x0000000000000000       0x20 /usr/lib/gcc/arm-none-eabi/10.3.1/../../../arm-none-eabi/lib/thumb/v7e-m+fp/softfp/libg.a(lib_a-exit.o)
 .debug_line    0x0000000000000000      0x179 /usr/lib/gcc/arm-none-eabi/10.3.1/../../../arm-none-eabi/lib/thumb/v7e-m+fp/softfp/libg.a(lib_a-exit.o)
 .debug_str     0x0000000000000000      0x591 /usr/lib/gcc/arm-none-eabi/10.3.1/../../../arm-none-eabi/lib/thumb/v7e-m+fp/softfp/libg.a(lib_a-exit.o)
 .comment       0x0000000000000000       0x34 /usr/lib/gcc/arm-none-eabi/10.3.1/../../../arm-none-eabi/lib/thumb/v7e-m+fp/softfp/libg.a(lib_a-exit.o)
 .debug_frame   0x0000000000000000       0x28 /usr/lib/gcc/arm-none-eabi/10.3.1/../../../arm-none-eabi/lib/thumb/v7e-m+fp/softfp/libg.a(lib_a-exit.o)
 .ARM.attributes
                0x0000000000000000       0x32 /usr/lib/gcc/arm-none-eabi/10.3.1/../../../arm-none-eabi/lib/thumb/v7e-m+fp/softfp/libg.a(lib_a-exit.o)
 .text          0x0000000000000000       0x2c /usr/lib/gcc/arm-none-eabi/10.3.1/../../../arm-none-eabi/lib/thumb/v7e-m+fp/softfp/libg.a(lib_a-fini.o)
 .data          0x0000000000000000        0x0 /usr/lib/gcc/arm-none-eabi/10.3.1/../../../arm-none-eabi/lib/thumb/v7e-m+fp/softfp/libg.a(lib_a-fini.o)
 .bss           0x0000000000000000        0x0 /usr/lib/gcc/arm-none-eabi/10.3.1/../../../arm-none-eabi/lib/thumb/v7e-m+fp/softfp/libg.a(lib_a-fini.o)
 .debug_info    0x0000000000000000      0x102 /usr/lib/gcc/arm-none-eabi/10.3.1/../../../arm-none-eabi/lib/thumb/v7e-m+fp/softfp/libg.a(lib_a-fini.o)
 .debug_abbrev  0x0000000000000000       0xcf /usr/lib/gcc/arm-none-eabi/10.3.1/../../../arm-none-eabi/lib/thumb/v7e-m+fp/softfp/libg.a(lib_a-fini.o)
 .debug_loc     0x0000000000000000       0x68 /usr/lib/gcc/arm-none-eabi/10.3.1/../../../arm-none-eabi/lib/thumb/v7e-m+fp/softfp/libg.a(lib_a-fini.o)
 .debug_aranges
                0x0000000000000000       0x20 /usr/lib/gcc/arm-none-eabi/10.3.1/../../../arm-none-eabi/lib/thumb/v7e-m+fp/softfp/libg.a(lib_a-fini.o)
 .debug_line    0x0000000000000000       0xed /usr/lib/gcc/arm-none-eabi/10.3.1/../../../arm-none-eabi/lib/thumb/v7e-m+fp/softfp/libg.a(lib_a-fini.o)
 .debug_str     0x0000000000000000      0x1e2 /usr/lib/gcc/arm-none-eabi/10.3.1/../../../arm-none-eabi/lib/thumb/v7e-m+fp/softfp/libg.a(lib_a-fini.o)
 .comment       0x0000000000000000       0x34 /usr/lib/gcc/arm-none-eabi/10.3.1/../../../arm-none-eabi/lib/thumb/v7e-m+fp/softfp/libg.a(lib_a-fini.o)
 .debug_frame   0x0000000000000000       0x34 /usr/lib/gcc/arm-none-eabi/10.3.1/../../../arm-none-eabi/lib/thumb/v7e-m+fp/softfp/libg.a(lib_a-fini.o)
 .ARM.attributes
                0x0000000000000000       0x32 /usr/lib/gcc/arm-none-eabi/10.3.1/../../../arm-none-eabi/lib/thumb/v7e-m+fp/softfp/libg.a(lib_a-fini.o)
 .text          0x0000000000000000        0x0 /usr/lib/gcc/arm-none-eabi/10.3.1/../../../arm-none-eabi/lib/thumb/v7e-m+fp/softfp/libg.a(lib_a-impure.o)
 .data          0x0000000000000000      0x430 /usr/lib/gcc/arm-none-eabi/10.3.1/../../../arm-none-eabi/lib/thumb/v7e-m+fp/softfp/libg.a(lib_a-impure.o)
 .bss           0x0000000000000000        0x0 /usr/lib/gcc/arm-none-eabi/10.3.1/../../../arm-none-eabi/lib/thumb/v7e-m+fp/softfp/libg.a(lib_a-impure.o)
 .rodata        0x0000000000000000        0x4 /usr/lib/gcc/arm-none-eabi/10.3.1/../../../arm-none-eabi/lib/thumb/v7e-m+fp/softfp/libg.a(lib_a-impure.o)
 .debug_info    0x0000000000000000      0x92a /usr/lib/gcc/arm-none-eabi/10.3.1/../../../arm-none-eabi/lib/thumb/v7e-m+fp/softfp/libg.a(lib_a-impure.o)
 .debug_abbrev  0x0000000000000000      0x1b8 /usr/lib/gcc/arm-none-eabi/10.3.1/../../../arm-none-eabi/lib/thumb/v7e-m+fp/softfp/libg.a(lib_a-impure.o)
 .debug_aranges
                0x0000000000000000       0x18 /usr/lib/gcc/arm-none-eabi/10.3.1/../../../arm-none-eabi/lib/thumb/v7e-m+fp/softfp/libg.a(lib_a-impure.o)
 .debug_line    0x0000000000000000       0xe4 /usr/lib/gcc/arm-none-eabi/10.3.1/../../../arm-none-eabi/lib/thumb/v7e-m+fp/softfp/libg.a(lib_a-impure.o)
 .debug_str     0x0000000000000000      0x588 /usr/lib/gcc/arm-none-eabi/10.3.1/../../../arm-none-eabi/lib/thumb/v7e-m+fp/softfp/libg.a(lib_a-impure.o)
 .comment       0x0000000000000000       0x34 /usr/lib/gcc/arm-none-eabi/10.3.1/../../../arm-none-eabi/lib/thumb/v7e-m+fp/softfp/libg.a(lib_a-impure.o)
 .ARM.attributes
                0x0000000000000000       0x30 /usr/lib/gcc/arm-none-eabi/10.3.1/../../../arm-none-eabi/lib/thumb/v7e-m+fp/softfp/libg.a(lib_a-impure.o)
 .text          0x0000000000000000       0x48 /usr/lib/gcc/arm-none-eabi/10.3.1/../../../arm-none-eabi/lib/thumb/v7e-m+fp/softfp/libg.a(lib_a-init.o)
 .data          0x0000000000000000        0x0 /usr/lib/gcc/arm-none-eabi/10.3.1/../../../arm-none-eabi/lib/thumb/v7e-m+fp/softfp/libg.a(lib_a-init.o)
 .bss           0x0000000000000000        0x0 /usr/lib/gcc/arm-none-eabi/10.3.1/../../../arm-none-eabi/lib/thumb/v7e-m+fp/softfp/libg.a(lib_a-init.o)
 .debug_info    0x0000000000000000      0x11a /usr/lib/gcc/arm-none-eabi/10.3.1/../../../arm-none-eabi/lib/thumb/v7e-m+fp/softfp/libg.a(lib_a-init.o)
 .debug_abbrev  0x0000000000000000       0xcc /usr/lib/gcc/arm-none-eabi/10.3.1/../../../arm-none-eabi/lib/thumb/v7e-m+fp/softfp/libg.a(lib_a-init.o)
 .debug_loc     0x0000000000000000       0xba /usr/lib/gcc/arm-none-eabi/10.3.1/../../../arm-none-eabi/lib/thumb/v7e-m+fp/softfp/libg.a(lib_a-init.o)
 .debug_aranges
                0x0000000000000000       0x20 /usr/lib/gcc/arm-none-eabi/10.3.1/../../../arm-none-eabi/lib/thumb/v7e-m+fp/softfp/libg.a(lib_a-init.o)
 .debug_line    0x0000000000000000      0x138 /usr/lib/gcc/arm-none-eabi/10.3.1/../../../arm-none-eabi/lib/thumb/v7e-m+fp/softfp/libg.a(lib_a-init.o)
 .debug_str     0x0000000000000000      0x20c /usr/lib/gcc/arm-none-eabi/10.3.1/../../../arm-none-eabi/lib/thumb/v7e-m+fp/softfp/libg.a(lib_a-init.o)
 .comment       0x0000000000000000       0x34 /usr/lib/gcc/arm-none-eabi/10.3.1/../../../arm-none-eabi/lib/thumb/v7e-m+fp/softfp/libg.a(lib_a-init.o)
 .debug_frame   0x0000000000000000       0x2c /usr/lib/gcc/arm-none-eabi/10.3.1/../../../arm-none-eabi/lib/thumb/v7e-m+fp/softfp/libg.a(lib_a-init.o)
 .ARM.attributes
                0x0000000000000000       0x32 /usr/lib/gcc/arm-none-eabi/10.3.1/../../../arm-none-eabi/lib/thumb/v7e-m+fp/softfp/libg.a(lib_a-init.o)
 .text          0x0000000000000000       0xa4 /usr/lib/gcc/arm-none-eabi/10.3.1/../../../arm-none-eabi/lib/thumb/v7e-m+fp/softfp/libg.a(lib_a-memset.o)
 .data          0x0000000000000000        0x0 /usr/lib/gcc/arm-none-eabi/10.3.1/../../../arm-none-eabi/lib/thumb/v7e-m+fp/softfp/libg.a(lib_a-memset.o)
 .bss           0x0000000000000000        0x0 /usr/lib/gcc/arm-none-eabi/10.3.1/../../../arm-none-eabi/lib/thumb/v7e-m+fp/softfp/libg.a(lib_a-memset.o)
 .debug_info    0x0000000000000000      0x137 /usr/lib/gcc/arm-none-eabi/10.3.1/../../../arm-none-eabi/lib/thumb/v7e-m+fp/softfp/libg.a(lib_a-memset.o)
 .debug_abbrev  0x0000000000000000       0xb4 /usr/lib/gcc/arm-none-eabi/10.3.1/../../../arm-none-eabi/lib/thumb/v7e-m+fp/softfp/libg.a(lib_a-memset.o)
 .debug_loc     0x0000000000000000      0x22c /usr/lib/gcc/arm-none-eabi/10.3.1/../../../arm-none-eabi/lib/thumb/v7e-m+fp/softfp/libg.a(lib_a-memset.o)
 .debug_aranges
                0x0000000000000000       0x20 /usr/lib/gcc/arm-none-eabi/10.3.1/../../../arm-none-eabi/lib/thumb/v7e-m+fp/softfp/libg.a(lib_a-memset.o)
 .debug_line    0x0000000000000000      0x1bf /usr/lib/gcc/arm-none-eabi/10.3.1/../../../arm-none-eabi/lib/thumb/v7e-m+fp/softfp/libg.a(lib_a-memset.o)
 .debug_str     0x0000000000000000      0x1c1 /usr/lib/gcc/arm-none-eabi/10.3.1/../../../arm-none-eabi/lib/thumb/v7e-m+fp/softfp/libg.a(lib_a-memset.o)
 .comment       0x0000000000000000       0x34 /usr/lib/gcc/arm-none-eabi/10.3.1/../../../arm-none-eabi/lib/thumb/v7e-m+fp/softfp/libg.a(lib_a-memset.o)
 .debug_frame   0x0000000000000000       0x2c /usr/lib/gcc/arm-none-eabi/10.3.1/../../../arm-none-eabi/lib/thumb/v7e-m+fp/softfp/libg.a(lib_a-memset.o)
 .ARM.attributes
                0x0000000000000000       0x32 /usr/lib/gcc/arm-none-eabi/10.3.1/../../../arm-none-eabi/lib/thumb/v7e-m+fp/softfp/libg.a(lib_a-memset.o)
 .text          0x0000000000000000       0x68 /usr/lib/gcc/arm-none-eabi/10.3.1/../../../arm-none-eabi/lib/thumb/v7e-m+fp/softfp/libg.a(lib_a-__atexit.o)
 .data          0x0000000000000000        0x0 /usr/lib/gcc/arm-none-eabi/10.3.1/../../../arm-none-eabi/lib/thumb/v7e-m+fp/softfp/libg.a(lib_a-__atexit.o)
 .bss           0x0000000000000000        0x0 /usr/lib/gcc/arm-none-eabi/10.3.1/../../../arm-none-eabi/lib/thumb/v7e-m+fp/softfp/libg.a(lib_a-__atexit.o)
 .debug_info    0x0000000000000000      0x9b0 /usr/lib/gcc/arm-none-eabi/10.3.1/../../../arm-none-eabi/lib/thumb/v7e-m+fp/softfp/libg.a(lib_a-__atexit.o)
 .debug_abbrev  0x0000000000000000      0x23f /usr/lib/gcc/arm-none-eabi/10.3.1/../../../arm-none-eabi/lib/thumb/v7e-m+fp/softfp/libg.a(lib_a-__atexit.o)
 .debug_loc     0x0000000000000000      0x138 /usr/lib/gcc/arm-none-eabi/10.3.1/../../../arm-none-eabi/lib/thumb/v7e-m+fp/softfp/libg.a(lib_a-__atexit.o)
 .debug_aranges
                0x0000000000000000       0x20 /usr/lib/gcc/arm-none-eabi/10.3.1/../../../arm-none-eabi/lib/thumb/v7e-m+fp/softfp/libg.a(lib_a-__atexit.o)
 .debug_line    0x0000000000000000      0x19e /usr/lib/gcc/arm-none-eabi/10.3.1/../../../arm-none-eabi/lib/thumb/v7e-m+fp/softfp/libg.a(lib_a-__atexit.o)
 .debug_str     0x0000000000000000      0x5c2 /usr/lib/gcc/arm-none-eabi/10.3.1/../../../arm-none-eabi/lib/thumb/v7e-m+fp/softfp/libg.a(lib_a-__atexit.o)
 .comment       0x0000000000000000       0x34 /usr/lib/gcc/arm-none-eabi/10.3.1/../../../arm-none-eabi/lib/thumb/v7e-m+fp/softfp/libg.a(lib_a-__atexit.o)
 .debug_frame   0x0000000000000000       0x34 /usr/lib/gcc/arm-none-eabi/10.3.1/../../../arm-none-eabi/lib/thumb/v7e-m+fp/softfp/libg.a(lib_a-__atexit.o)
 .ARM.attributes
                0x0000000000000000       0x32 /usr/lib/gcc/arm-none-eabi/10.3.1/../../../arm-none-eabi/lib/thumb/v7e-m+fp/softfp/libg.a(lib_a-__atexit.o)
 .text          0x0000000000000000       0xb8 /usr/lib/gcc/arm-none-eabi/10.3.1/../../../arm-none-eabi/lib/thumb/v7e-m+fp/softfp/libg.a(lib_a-__call_atexit.o)
 .data          0x0000000000000000        0x0 /usr/lib/gcc/arm-none-eabi/10.3.1/../../../arm-none-eabi/lib/thumb/v7e-m+fp/softfp/libg.a(lib_a-__call_atexit.o)
 .bss           0x0000000000000000        0x0 /usr/lib/gcc/arm-none-eabi/10.3.1/../../../arm-none-eabi/lib/thumb/v7e-m+fp/softfp/libg.a(lib_a-__call_atexit.o)
 .text.startup  0x0000000000000000       0x14 /usr/lib/gcc/arm-none-eabi/10.3.1/../../../arm-none-eabi/lib/thumb/v7e-m+fp/softfp/libg.a(lib_a-__call_atexit.o)
 .init_array.00000
                0x0000000000000000        0x4 /usr/lib/gcc/arm-none-eabi/10.3.1/../../../arm-none-eabi/lib/thumb/v7e-m+fp/softfp/libg.a(lib_a-__call_atexit.o)
 .debug_info    0x0000000000000000      0xa3d /usr/lib/gcc/arm-none-eabi/10.3.1/../../../arm-none-eabi/lib/thumb/v7e-m+fp/softfp/libg.a(lib_a-__call_atexit.o)
 .debug_abbrev  0x0000000000000000      0x2b2 /usr/lib/gcc/arm-none-eabi/10.3.1/../../../arm-none-eabi/lib/thumb/v7e-m+fp/softfp/libg.a(lib_a-__call_atexit.o)
 .debug_loc     0x0000000000000000      0x1cc /usr/lib/gcc/arm-none-eabi/10.3.1/../../../arm-none-eabi/lib/thumb/v7e-m+fp/softfp/libg.a(lib_a-__call_atexit.o)
 .debug_aranges
                0x0000000000000000       0x28 /usr/lib/gcc/arm-none-eabi/10.3.1/../../../arm-none-eabi/lib/thumb/v7e-m+fp/softfp/libg.a(lib_a-__call_atexit.o)
 .debug_ranges  0x0000000000000000       0x50 /usr/lib/gcc/arm-none-eabi/10.3.1/../../../arm-none-eabi/lib/thumb/v7e-m+fp/softfp/libg.a(lib_a-__call_atexit.o)
 .debug_line    0x0000000000000000      0x28d /usr/lib/gcc/arm-none-eabi/10.3.1/../../../arm-none-eabi/lib/thumb/v7e-m+fp/softfp/libg.a(lib_a-__call_atexit.o)
 .debug_str     0x0000000000000000      0x5ee /usr/lib/gcc/arm-none-eabi/10.3.1/../../../arm-none-eabi/lib/thumb/v7e-m+fp/softfp/libg.a(lib_a-__call_atexit.o)
 .comment       0x0000000000000000       0x34 /usr/lib/gcc/arm-none-eabi/10.3.1/../../../arm-none-eabi/lib/thumb/v7e-m+fp/softfp/libg.a(lib_a-__call_atexit.o)
 .debug_frame   0x0000000000000000       0x5c /usr/lib/gcc/arm-none-eabi/10.3.1/../../../arm-none-eabi/lib/thumb/v7e-m+fp/softfp/libg.a(lib_a-__call_atexit.o)
 .ARM.attributes
                0x0000000000000000       0x32 /usr/lib/gcc/arm-none-eabi/10.3.1/../../../arm-none-eabi/lib/thumb/v7e-m+fp/softfp/libg.a(lib_a-__call_atexit.o)
 .text          0x0000000000000000        0x0 /usr/lib/gcc/arm-none-eabi/10.3.1/thumb/v7e-m+fp/softfp/crtend.o
 .data          0x0000000000000000        0x0 /usr/lib/gcc/arm-none-eabi/10.3.1/thumb/v7e-m+fp/softfp/crtend.o
 .bss           0x0000000000000000        0x0 /usr/lib/gcc/arm-none-eabi/10.3.1/thumb/v7e-m+fp/softfp/crtend.o
 .rodata        0x0000000000000000       0x24 /usr/lib/gcc/arm-none-eabi/10.3.1/thumb/v7e-m+fp/softfp/crtend.o
 .eh_frame      0x0000000000000000        0x4 /usr/lib/gcc/arm-none-eabi/10.3.1/thumb/v7e-m+fp/softfp/crtend.o
 .tm_clone_table
                0x0000000000000000        0x0 /usr/lib/gcc/arm-none-eabi/10.3.1/thumb/v7e-m+fp/softfp/crtend.o
 .comment       0x0000000000000000       0x34 /usr/lib/gcc/arm-none-eabi/10.3.1/thumb/v7e-m+fp/softfp/crtend.o
 .ARM.attributes
                0x0000000000000000       0x30 /usr/lib/gcc/arm-none-eabi/10.3.1/thumb/v7e-m+fp/softfp/crtend.o
 .text          0x0000000000000000        0x0 /usr/lib/gcc/arm-none-eabi/10.3.1/thumb/v7e-m+fp/softfp/crtn.o
 .data          0x0000000000000000        0x0 /usr/lib/gcc/arm-none-eabi/10.3.1/thumb/v7e-m+fp/softfp/crtn.o
 .bss           0x0000000000000000        0x0 /usr/lib/gcc/arm-none-eabi/10.3.1/thumb/v7e-m+fp/softfp/crtn.o
 .init          0x0000000000000000        0x8 /usr/lib/gcc/arm-none-eabi/10.3.1/thumb/v7e-m+fp/softfp/crtn.o
 .fini          0x0000000000000000        0x8 /usr/lib/gcc/arm-none-eabi/10.3.1/thumb/v7e-m+fp/softfp/crtn.o
 .ARM.attributes
                0x0000000000000000       0x1e /usr/lib/gcc/arm-none-eabi/10.3.1/thumb/v7e-m+fp/softfp/crtn.o

Memory Configuration

Name             Origin             Length             Attributes
FLASH            0x0000000008000000 0x0000000000040000 xr
RAM              0x0000000020000000 0x0000000000010000 xrw
*default*        0x0000000000000000 0xffffffffffffffff

Linker script and memory map

LOAD /usr/lib/gcc/arm-none-eabi/10.3.1/thumb/v7e-m+fp/softfp/crti.o
LOAD /usr/lib/gcc/arm-none-eabi/10.3.1/thumb/v7e-m+fp/softfp/crtbegin.o
LOAD /usr/lib/gcc/arm-none-eabi/10.3.1/../../../arm-none-eabi/lib/thumb/v7e-m+fp/softfp/crt0.o
LOAD CMakeFiles/test.dir/src/main.c.obj
LOAD CMakeFiles/test.dir/home/adhamwalaa/gitHub_Repos/ES45_ARM/COTS/COMMON/startup.s.obj
LOAD LED/libLED_lib.a
LOAD SWITCH/libSWITCH_lib.a
LOAD SCHED/libSCHED_lib.a
LOAD UART_INT/libUART_INT_lib.a
LOAD GPIO/libGPIO_lib.a
LOAD EXTI/libEXTI_lib.a
LOAD SYSCFG/libSYSCFG_lib.a
LOAD DMA/libDMA_lib.a
LOAD USART/libUSART_lib.a
LOAD NVIC/libNVIC_lib.a
LOAD SYSTICK/libSYSTICK_lib.a
LOAD RCC/libRCC_lib.a
START GROUP
LOAD /usr/lib/gcc/arm-none-eabi/10.3.1/thumb/v7e-m+fp/softfp/libgcc.a
LOAD /usr/lib/gcc/arm-none-eabi/10.3.1/../../../arm-none-eabi/lib/thumb/v7e-m+fp/softfp/libg.a
LOAD /usr/lib/gcc/arm-none-eabi/10.3.1/../../../arm-none-eabi/lib/thumb/v7e-m+fp/softfp/libc.a
END GROUP
LOAD /usr/lib/gcc/arm-none-eabi/10.3.1/thumb/v7e-m+fp/softfp/crtend.o
LOAD /usr/lib/gcc/arm-none-eabi/10.3.1/thumb/v7e-m+fp/softfp/crtn.o

.text           0x0000000008000000     0x1c7c
 *(.isr_vector)
 .isr_vector    0x0000000008000000      0x194 CMakeFiles/test.dir/home/adhamwalaa/gitHub_Repos/ES45_ARM/COTS/COMMON/startup.s.obj
                0x0000000008000000                __Vectors
                0x0000000008000194                __Vectors_End
 *(.text*)
 .text.main     0x0000000008000194       0x38 CMakeFiles/test.dir/src/main.c.obj
                0x0000000008000194                main
 .text.ledRunnable
                0x00000000080001cc       0x34 CMakeFiles/test.dir/src/main.c.obj
                0x00000000080001cc                ledRunnable
 .text          0x0000000008000200       0x48 CMakeFiles/test.dir/home/adhamwalaa/gitHub_Repos/ES45_ARM/COTS/COMMON/startup.s.obj
                0x0000000008000200                Reset_Handler
 .text.Default_Handler
                0x0000000008000248        0x2 CMakeFiles/test.dir/home/adhamwalaa/gitHub_Repos/ES45_ARM/COTS/COMMON/startup.s.obj
                0x0000000008000248                RTC_Alarm_IRQHandler
                0x0000000008000248                EXTI2_IRQHandler
                0x0000000008000248                DebugMon_Handler
                0x0000000008000248                SPI4_IRQHandler
                0x0000000008000248                TIM1_CC_IRQHandler
                0x0000000008000248                DMA2_Stream5_IRQHandler
                0x0000000008000248                HardFault_Handler
                0x0000000008000248                DMA1_Stream5_IRQHandler
                0x0000000008000248                PVD_IRQHandler
                0x0000000008000248                SDIO_IRQHandler
                0x0000000008000248                TAMP_STAMP_IRQHandler
                0x0000000008000248                PendSV_Handler
                0x0000000008000248                NMI_Handler
                0x0000000008000248                EXTI3_IRQHandler
                0x0000000008000248                TIM1_UP_TIM10_IRQHandler
                0x0000000008000248                I2C3_ER_IRQHandler
                0x0000000008000248                EXTI0_IRQHandler
                0x0000000008000248                I2C2_EV_IRQHandler
                0x0000000008000248                DMA1_Stream2_IRQHandler
                0x0000000008000248                FPU_IRQHandler
                0x0000000008000248                UsageFault_Handler
                0x0000000008000248                DMA2_Stream2_IRQHandler
                0x0000000008000248                SPI1_IRQHandler
                0x0000000008000248                TIM1_BRK_TIM9_IRQHandler
                0x0000000008000248                DMA2_Stream3_IRQHandler
                0x0000000008000248                DMA2_Stream0_IRQHandler
                0x0000000008000248                TIM4_IRQHandler
                0x0000000008000248                I2C1_EV_IRQHandler
                0x0000000008000248                DMA1_Stream6_IRQHandler
                0x0000000008000248                DMA1_Stream1_IRQHandler
                0x0000000008000248                TIM3_IRQHandler
                0x0000000008000248                RCC_IRQHandler
                0x0000000008000248                EXTI15_10_IRQHandler
                0x0000000008000248                ADC_IRQHandler
                0x0000000008000248                DMA1_Stream7_IRQHandler
                0x0000000008000248                TIM5_IRQHandler
                0x0000000008000248                DMA2_Stream7_IRQHandler
                0x0000000008000248                I2C3_EV_IRQHandler
                0x0000000008000248                EXTI9_5_IRQHandler
                0x0000000008000248                RTC_WKUP_IRQHandler
                0x0000000008000248                SPI2_IRQHandler
                0x0000000008000248                MemManage_Handler
                0x0000000008000248                DMA1_Stream0_IRQHandler
                0x0000000008000248                SVC_Handler
                0x0000000008000248                EXTI4_IRQHandler
                0x0000000008000248                WWDG_IRQHandler
                0x0000000008000248                TIM2_IRQHandler
                0x0000000008000248                OTG_FS_WKUP_IRQHandler
                0x0000000008000248                TIM1_TRG_COM_TIM11_IRQHandler
                0x0000000008000248                EXTI1_IRQHandler
                0x0000000008000248                I2C2_ER_IRQHandler
                0x0000000008000248                DMA2_Stream1_IRQHandler
                0x0000000008000248                FLASH_IRQHandler
                0x0000000008000248                DMA2_Stream4_IRQHandler
                0x0000000008000248                BusFault_Handler
                0x0000000008000248                OTG_FS_IRQHandler
                0x0000000008000248                SPI3_IRQHandler
                0x0000000008000248                DMA1_Stream4_IRQHandler
                0x0000000008000248                I2C1_ER_IRQHandler
                0x0000000008000248                DMA2_Stream6_IRQHandler
                0x0000000008000248                DMA1_Stream3_IRQHandler
 *fill*         0x000000000800024a        0x2 
 .text.LED_vInit
                0x000000000800024c      0x178 LED/libLED_lib.a(led.c.obj)
                0x000000000800024c                LED_vInit
 .text.LED_enuCtlLED
                0x00000000080003c4       0x90 LED/libLED_lib.a(led.c.obj)
                0x00000000080003c4                LED_enuCtlLED
 .text.SCHED_vInit
                0x0000000008000454       0x1c SCHED/libSCHED_lib.a(scheduler.c.obj)
                0x0000000008000454                SCHED_vInit
 .text.SCHED_enuAddRunnable
                0x0000000008000470       0x90 SCHED/libSCHED_lib.a(scheduler.c.obj)
                0x0000000008000470                SCHED_enuAddRunnable
 .text.SHED_vRun
                0x0000000008000500       0x8c SCHED/libSCHED_lib.a(scheduler.c.obj)
                0x0000000008000500                SHED_vRun
 .text.SCHED_vStart
                0x000000000800058c        0xa SCHED/libSCHED_lib.a(scheduler.c.obj)
                0x000000000800058c                SCHED_vStart
 *fill*         0x0000000008000596        0x2 
 .text.UsartInt_vInit
                0x0000000008000598      0x47c UART_INT/libUART_INT_lib.a(uart_int.c.obj)
                0x0000000008000598                UsartInt_vInit
 .text.UartInt_enuSendBuffer
                0x0000000008000a14       0xb8 UART_INT/libUART_INT_lib.a(uart_int.c.obj)
                0x0000000008000a14                UartInt_enuSendBuffer
 .text.UartInt_enuSendString
                0x0000000008000acc       0x54 UART_INT/libUART_INT_lib.a(uart_int.c.obj)
                0x0000000008000acc                UartInt_enuSendString
 .text.UartInt_vOnTC_CallBack
                0x0000000008000b20       0x54 UART_INT/libUART_INT_lib.a(uart_int.c.obj)
                0x0000000008000b20                UartInt_vOnTC_CallBack
 .text.UartInt_vOnRXNE_CallBack
                0x0000000008000b74       0x64 UART_INT/libUART_INT_lib.a(uart_int.c.obj)
                0x0000000008000b74                UartInt_vOnRXNE_CallBack
 .text.GPIO_enuCfgPin
                0x0000000008000bd8      0x1c4 GPIO/libGPIO_lib.a(GPIO.c.obj)
                0x0000000008000bd8                GPIO_enuCfgPin
 .text.GPIO_enuSetPinState
                0x0000000008000d9c       0x88 GPIO/libGPIO_lib.a(GPIO.c.obj)
                0x0000000008000d9c                GPIO_enuSetPinState
 .text.Usart_enuInit
                0x0000000008000e24      0x1e4 USART/libUSART_lib.a(usart.c.obj)
                0x0000000008000e24                Usart_enuInit
 .text.Usart_enuRegisterCallBack
                0x0000000008001008       0x5c USART/libUSART_lib.a(usart.c.obj)
                0x0000000008001008                Usart_enuRegisterCallBack
 .text.Usart_enuSendByte
                0x0000000008001064       0x54 USART/libUSART_lib.a(usart.c.obj)
                0x0000000008001064                Usart_enuSendByte
 .text.Usart_enuGetByte
                0x00000000080010b8       0x60 USART/libUSART_lib.a(usart.c.obj)
                0x00000000080010b8                Usart_enuGetByte
 .text.USART_enuEnableInt
                0x0000000008001118       0x80 USART/libUSART_lib.a(usart.c.obj)
                0x0000000008001118                USART_enuEnableInt
 .text.USART_enuSetTCVal
                0x0000000008001198       0x5c USART/libUSART_lib.a(usart.c.obj)
                0x0000000008001198                USART_enuSetTCVal
 .text.USART_enuSetRXNEval
                0x00000000080011f4       0x5c USART/libUSART_lib.a(usart.c.obj)
                0x00000000080011f4                USART_enuSetRXNEval
 .text.USART_vInterrupts
                0x0000000008001250       0x84 USART/libUSART_lib.a(usart.c.obj)
 .text.USART1_IRQHandler
                0x00000000080012d4        0xe USART/libUSART_lib.a(usart.c.obj)
                0x00000000080012d4                USART1_IRQHandler
 .text.USART2_IRQHandler
                0x00000000080012e2        0xe USART/libUSART_lib.a(usart.c.obj)
                0x00000000080012e2                USART2_IRQHandler
 .text.USART6_IRQHandler
                0x00000000080012f0        0xe USART/libUSART_lib.a(usart.c.obj)
                0x00000000080012f0                USART6_IRQHandler
 *fill*         0x00000000080012fe        0x2 
 .text.NVIC_enuEnableIRQn
                0x0000000008001300       0x50 NVIC/libNVIC_lib.a(nvic.c.obj)
                0x0000000008001300                NVIC_enuEnableIRQn
 .text.NVIC_enuClearPendingIRQn
                0x0000000008001350       0x54 NVIC/libNVIC_lib.a(nvic.c.obj)
                0x0000000008001350                NVIC_enuClearPendingIRQn
 .text.Systick_vStart
                0x00000000080013a4       0x24 SYSTICK/libSYSTICK_lib.a(systick.c.obj)
                0x00000000080013a4                Systick_vStart
 .text.Systick_enuInit1Ms
                0x00000000080013c8       0xb8 SYSTICK/libSYSTICK_lib.a(systick.c.obj)
                0x00000000080013c8                Systick_enuInit1Ms
 .text.Systick_enuSetCyclicFnMs
                0x0000000008001480       0x38 SYSTICK/libSYSTICK_lib.a(systick.c.obj)
                0x0000000008001480                Systick_enuSetCyclicFnMs
 .text.SysTick_Handler
                0x00000000080014b8       0x54 SYSTICK/libSYSTICK_lib.a(systick.c.obj)
                0x00000000080014b8                SysTick_Handler
 .text.RCC_enuGetSysClk
                0x000000000800150c       0x5c RCC/libRCC_lib.a(rcc.c.obj)
                0x000000000800150c                RCC_enuGetSysClk
 .text.RCC_enuGetClkFreq
                0x0000000008001568       0xd4 RCC/libRCC_lib.a(rcc.c.obj)
                0x0000000008001568                RCC_enuGetClkFreq
 .text.RCC_enuIsHSEBYP
                0x000000000800163c       0x2c RCC/libRCC_lib.a(rcc.c.obj)
                0x000000000800163c                RCC_enuIsHSEBYP
 .text.RCC_enuCtlPeripheral
                0x0000000008001668      0x150 RCC/libRCC_lib.a(rcc.c.obj)
                0x0000000008001668                RCC_enuCtlPeripheral
 .text.RCC_getBusFreq
                0x00000000080017b8       0xcc RCC/libRCC_lib.a(rcc.c.obj)
                0x00000000080017b8                RCC_getBusFreq
 .text          0x0000000008001884      0x378 /usr/lib/gcc/arm-none-eabi/10.3.1/thumb/v7e-m+fp/softfp/libgcc.a(_arm_addsubdf3.o)
                0x0000000008001884                __aeabi_drsub
                0x000000000800188c                __aeabi_dsub
                0x000000000800188c                __subdf3
                0x0000000008001890                __adddf3
                0x0000000008001890                __aeabi_dadd
                0x0000000008001b08                __aeabi_ui2d
                0x0000000008001b08                __floatunsidf
                0x0000000008001b28                __floatsidf
                0x0000000008001b28                __aeabi_i2d
                0x0000000008001b4c                __extendsfdf2
                0x0000000008001b4c                __aeabi_f2d
                0x0000000008001b90                __aeabi_ul2d
                0x0000000008001b90                __floatundidf
                0x0000000008001ba0                __floatdidf
                0x0000000008001ba0                __aeabi_l2d
 .text          0x0000000008001bfc       0x40 /usr/lib/gcc/arm-none-eabi/10.3.1/thumb/v7e-m+fp/softfp/libgcc.a(_arm_fixunsdfsi.o)
                0x0000000008001bfc                __fixunsdfsi
                0x0000000008001bfc                __aeabi_d2uiz
 *(.rodata*)
 .rodata        0x0000000008001c3c       0x20 CMakeFiles/test.dir/src/main.c.obj
 *fill*         0x0000000008001c5c        0x4 
 .rodata.UartInt_arrUsartClkMap
                0x0000000008001c60       0x18 UART_INT/libUART_INT_lib.a(uart_int.c.obj)
 .rodata.UartInt_arrUsartIrqMap
                0x0000000008001c78        0x3 UART_INT/libUART_INT_lib.a(uart_int.c.obj)
                0x0000000008001c7c                . = ALIGN (0x4)
 *fill*         0x0000000008001c7b        0x1 

.glue_7         0x0000000008001c7c        0x0
 .glue_7        0x0000000008001c7c        0x0 linker stubs

.glue_7t        0x0000000008001c7c        0x0
 .glue_7t       0x0000000008001c7c        0x0 linker stubs

.vfp11_veneer   0x0000000008001c7c        0x0
 .vfp11_veneer  0x0000000008001c7c        0x0 linker stubs

.v4_bx          0x0000000008001c7c        0x0
 .v4_bx         0x0000000008001c7c        0x0 linker stubs

.init           0x0000000008001c7c        0x4
 .init          0x0000000008001c7c        0x4 /usr/lib/gcc/arm-none-eabi/10.3.1/thumb/v7e-m+fp/softfp/crti.o
                0x0000000008001c7c                _init

.fini           0x0000000008001c80        0x4
 .fini          0x0000000008001c80        0x4 /usr/lib/gcc/arm-none-eabi/10.3.1/thumb/v7e-m+fp/softfp/crti.o
                0x0000000008001c80                _fini

.iplt           0x0000000008001c84        0x0
 .iplt          0x0000000008001c84        0x0 CMakeFiles/test.dir/src/main.c.obj

.rel.dyn        0x0000000008001c84        0x0
 .rel.iplt      0x0000000008001c84        0x0 CMakeFiles/test.dir/src/main.c.obj

.ARM.extab
 *(.ARM.extab* .gnu.linkonce.armextab.*)

.ARM.exidx
 *(.ARM.exidx* .gnu.linkonce.armexidx.*)

.data           0x0000000020000000       0x4c load address 0x0000000008001c84
                0x0000000020000000                _sdata = .
 *(.data*)
 .data.LED_arrCfgs
                0x0000000020000000        0xf LED/libLED_lib.a(led_cfg.c.obj)
                0x0000000020000000                LED_arrCfgs
 .data.UartInt_enuUart
                0x000000002000000f        0x1 UART_INT/libUART_INT_lib.a(uart_int.c.obj)
 .data.UartInt_arrCfgs
                0x0000000020000010       0x14 UART_INT/libUART_INT_lib.a(uart_int_cfg.c.obj)
                0x0000000020000010                UartInt_arrCfgs
 .data.GPIO_arrPortBases
                0x0000000020000024       0x18 GPIO/libGPIO_lib.a(GPIO.c.obj)
                0x0000000020000024                GPIO_arrPortBases
 .data.Usart_arrUsartBases
                0x000000002000003c        0xc USART/libUSART_lib.a(usart.c.obj)
 .data.SYSTICK  0x0000000020000048        0x4 SYSTICK/libSYSTICK_lib.a(systick.c.obj)
                0x000000002000004c                . = ALIGN (0x4)
                0x000000002000004c                _edata = .
                0x0000000008001c84                _sidata = LOADADDR (.data)

.igot.plt       0x000000002000004c        0x0 load address 0x0000000008001cd0
 .igot.plt      0x000000002000004c        0x0 CMakeFiles/test.dir/src/main.c.obj

.bss            0x000000002000004c      0x6e4 load address 0x0000000008001cd0
                0x000000002000004c                _sbss = .
 *(.bss*)
 .bss.ledState.0
                0x000000002000004c        0x4 CMakeFiles/test.dir/src/main.c.obj
 .bss.SCHED_arrCurrentVals
                0x0000000020000050      0x190 SCHED/libSCHED_lib.a(scheduler.c.obj)
 .bss.SCHED_arrTasks
                0x00000000200001e0      0x4b0 SCHED/libSCHED_lib.a(scheduler.c.obj)
 .bss.UartInt_arrTxBuffer
                0x0000000020000690       0x64 UART_INT/libUART_INT_lib.a(uart_int.c.obj)
 .bss.UartInt_pRxBuffer
                0x00000000200006f4        0x4 UART_INT/libUART_INT_lib.a(uart_int.c.obj)
 .bss.UartInt_u8TxBufferSize
                0x00000000200006f8        0x1 UART_INT/libUART_INT_lib.a(uart_int.c.obj)
 .bss.UartInt_u8RxBufferSize
                0x00000000200006f9        0x1 UART_INT/libUART_INT_lib.a(uart_int.c.obj)
 .bss.UartInt_u8TxIndex
                0x00000000200006fa        0x1 UART_INT/libUART_INT_lib.a(uart_int.c.obj)
 .bss.UartInt_u8RxIndex
                0x00000000200006fb        0x1 UART_INT/libUART_INT_lib.a(uart_int.c.obj)
 .bss.Usart_arrCallBacks
                0x00000000200006fc       0x18 USART/libUSART_lib.a(usart.c.obj)
 .bss.SYSTICK_u32DelayCount
                0x0000000020000714        0x4 SYSTICK/libSYSTICK_lib.a(systick.c.obj)
 .bss.SYSTICK_stCB
                0x0000000020000718        0xc SYSTICK/libSYSTICK_lib.a(systick.c.obj)
                0x0000000020000718                SYSTICK_stCB
 .bss.RCC_stPLLCurrParams
                0x0000000020000724        0x8 RCC/libRCC_lib.a(rcc.c.obj)
                0x0000000020000724                RCC_stPLLCurrParams
 .bss.RCC_stCurrBusPres
                0x000000002000072c        0x3 RCC/libRCC_lib.a(rcc.c.obj)
                0x000000002000072c                RCC_stCurrBusPres
 *(COMMON)
                0x0000000020000730                . = ALIGN (0x4)
 *fill*         0x000000002000072f        0x1 
                0x0000000020000730                _ebss = .

.heap           0x0000000020000730      0x200 load address 0x0000000008001cd0
                0x0000000020000730                _heap_start = .
                0x0000000020000930                . = (. + 0x200)
 *fill*         0x0000000020000730      0x200 
                0x0000000020000930                _heap_end = .

.stack          0x0000000020000930        0x0 load address 0x0000000008001cd0
                0x0000000020000930                . = ALIGN (0x8)
                0x0000000020010000                _stack_top = (ORIGIN (RAM) + LENGTH (RAM))
                [!provide]                        PROVIDE (__heap_base = _heap_start)
                [!provide]                        PROVIDE (__heap_limit = _heap_end)
                0x0000000020010000                PROVIDE (__initial_sp = _stack_top)
OUTPUT(test elf32-littlearm)
LOAD linker stubs

.ARM.attributes
                0x0000000000000000       0x2e
 .ARM.attributes
                0x0000000000000000       0x1e /usr/lib/gcc/arm-none-eabi/10.3.1/thumb/v7e-m+fp/softfp/crti.o
 .ARM.attributes
                0x000000000000001e       0x32 CMakeFiles/test.dir/src/main.c.obj
 .ARM.attributes
                0x0000000000000050       0x20 CMakeFiles/test.dir/home/adhamwalaa/gitHub_Repos/ES45_ARM/COTS/COMMON/startup.s.obj
 .ARM.attributes
                0x0000000000000070       0x32 LED/libLED_lib.a(led.c.obj)
 .ARM.attributes
                0x00000000000000a2       0x37 LED/libLED_lib.a(led_cfg.c.obj)
 .ARM.attributes
                0x00000000000000d9       0x32 SCHED/libSCHED_lib.a(scheduler.c.obj)
 .ARM.attributes
                0x000000000000010b       0x32 UART_INT/libUART_INT_lib.a(uart_int.c.obj)
 .ARM.attributes
                0x000000000000013d       0x37 UART_INT/libUART_INT_lib.a(uart_int_cfg.c.obj)
 .ARM.attributes
                0x0000000000000174       0x32 GPIO/libGPIO_lib.a(GPIO.c.obj)
 .ARM.attributes
                0x00000000000001a6       0x32 USART/libUSART_lib.a(usart.c.obj)
 .ARM.attributes
                0x00000000000001d8       0x32 NVIC/libNVIC_lib.a(nvic.c.obj)
 .ARM.attributes
                0x000000000000020a       0x32 SYSTICK/libSYSTICK_lib.a(systick.c.obj)
 .ARM.attributes
                0x000000000000023c       0x32 RCC/libRCC_lib.a(rcc.c.obj)
 .ARM.attributes
                0x000000000000026e       0x1e /usr/lib/gcc/arm-none-eabi/10.3.1/thumb/v7e-m+fp/softfp/libgcc.a(_arm_addsubdf3.o)
 .ARM.attributes
                0x000000000000028c       0x1e /usr/lib/gcc/arm-none-eabi/10.3.1/thumb/v7e-m+fp/softfp/libgcc.a(_arm_fixunsdfsi.o)

.comment        0x0000000000000000       0x33
 .comment       0x0000000000000000       0x33 CMakeFiles/test.dir/src/main.c.obj
                                         0x34 (size before relaxing)
 .comment       0x0000000000000033       0x34 LED/libLED_lib.a(led.c.obj)
 .comment       0x0000000000000033       0x34 LED/libLED_lib.a(led_cfg.c.obj)
 .comment       0x0000000000000033       0x34 SCHED/libSCHED_lib.a(scheduler.c.obj)
 .comment       0x0000000000000033       0x34 UART_INT/libUART_INT_lib.a(uart_int.c.obj)
 .comment       0x0000000000000033       0x34 UART_INT/libUART_INT_lib.a(uart_int_cfg.c.obj)
 .comment       0x0000000000000033       0x34 GPIO/libGPIO_lib.a(GPIO.c.obj)
 .comment       0x0000000000000033       0x34 USART/libUSART_lib.a(usart.c.obj)
 .comment       0x0000000000000033       0x34 NVIC/libNVIC_lib.a(nvic.c.obj)
 .comment       0x0000000000000033       0x34 SYSTICK/libSYSTICK_lib.a(systick.c.obj)
 .comment       0x0000000000000033       0x34 RCC/libRCC_lib.a(rcc.c.obj)

.debug_info     0x0000000000000000     0x3b77
 .debug_info    0x0000000000000000      0x117 CMakeFiles/test.dir/src/main.c.obj
 .debug_info    0x0000000000000117       0x22 CMakeFiles/test.dir/home/adhamwalaa/gitHub_Repos/ES45_ARM/COTS/COMMON/startup.s.obj
 .debug_info    0x0000000000000139      0x4ca LED/libLED_lib.a(led.c.obj)
 .debug_info    0x0000000000000603      0x220 LED/libLED_lib.a(led_cfg.c.obj)
 .debug_info    0x0000000000000823      0x1fd SCHED/libSCHED_lib.a(scheduler.c.obj)
 .debug_info    0x0000000000000a20      0x9fb UART_INT/libUART_INT_lib.a(uart_int.c.obj)
 .debug_info    0x000000000000141b      0x2e6 UART_INT/libUART_INT_lib.a(uart_int_cfg.c.obj)
 .debug_info    0x0000000000001701      0x636 GPIO/libGPIO_lib.a(GPIO.c.obj)
 .debug_info    0x0000000000001d37      0x9cf USART/libUSART_lib.a(usart.c.obj)
 .debug_info    0x0000000000002706      0x89e NVIC/libNVIC_lib.a(nvic.c.obj)
 .debug_info    0x0000000000002fa4      0x2da SYSTICK/libSYSTICK_lib.a(systick.c.obj)
 .debug_info    0x000000000000327e      0x8ad RCC/libRCC_lib.a(rcc.c.obj)
 .debug_info    0x0000000000003b2b       0x26 /usr/lib/gcc/arm-none-eabi/10.3.1/thumb/v7e-m+fp/softfp/libgcc.a(_arm_addsubdf3.o)
 .debug_info    0x0000000000003b51       0x26 /usr/lib/gcc/arm-none-eabi/10.3.1/thumb/v7e-m+fp/softfp/libgcc.a(_arm_fixunsdfsi.o)

.debug_abbrev   0x0000000000000000      0xcfb
 .debug_abbrev  0x0000000000000000       0xb2 CMakeFiles/test.dir/src/main.c.obj
 .debug_abbrev  0x00000000000000b2       0x12 CMakeFiles/test.dir/home/adhamwalaa/gitHub_Repos/ES45_ARM/COTS/COMMON/startup.s.obj
 .debug_abbrev  0x00000000000000c4      0x133 LED/libLED_lib.a(led.c.obj)
 .debug_abbrev  0x00000000000001f7       0xb6 LED/libLED_lib.a(led_cfg.c.obj)
 .debug_abbrev  0x00000000000002ad      0x125 SCHED/libSCHED_lib.a(scheduler.c.obj)
 .debug_abbrev  0x00000000000003d2      0x16e UART_INT/libUART_INT_lib.a(uart_int.c.obj)
 .debug_abbrev  0x0000000000000540       0xbf UART_INT/libUART_INT_lib.a(uart_int_cfg.c.obj)
 .debug_abbrev  0x00000000000005ff      0x104 GPIO/libGPIO_lib.a(GPIO.c.obj)
 .debug_abbrev  0x0000000000000703      0x18a USART/libUSART_lib.a(usart.c.obj)
 .debug_abbrev  0x000000000000088d      0x125 NVIC/libNVIC_lib.a(nvic.c.obj)
 .debug_abbrev  0x00000000000009b2      0x165 SYSTICK/libSYSTICK_lib.a(systick.c.obj)
 .debug_abbrev  0x0000000000000b17      0x1bc RCC/libRCC_lib.a(rcc.c.obj)
 .debug_abbrev  0x0000000000000cd3       0x14 /usr/lib/gcc/arm-none-eabi/10.3.1/thumb/v7e-m+fp/softfp/libgcc.a(_arm_addsubdf3.o)
 .debug_abbrev  0x0000000000000ce7       0x14 /usr/lib/gcc/arm-none-eabi/10.3.1/thumb/v7e-m+fp/softfp/libgcc.a(_arm_fixunsdfsi.o)

.debug_aranges  0x0000000000000000      0x3a0
 .debug_aranges
                0x0000000000000000       0x28 CMakeFiles/test.dir/src/main.c.obj
 .debug_aranges
                0x0000000000000028       0x28 CMakeFiles/test.dir/home/adhamwalaa/gitHub_Repos/ES45_ARM/COTS/COMMON/startup.s.obj
 .debug_aranges
                0x0000000000000050       0x28 LED/libLED_lib.a(led.c.obj)
 .debug_aranges
                0x0000000000000078       0x18 LED/libLED_lib.a(led_cfg.c.obj)
 .debug_aranges
                0x0000000000000090       0x40 SCHED/libSCHED_lib.a(scheduler.c.obj)
 .debug_aranges
                0x00000000000000d0       0x48 UART_INT/libUART_INT_lib.a(uart_int.c.obj)
 .debug_aranges
                0x0000000000000118       0x18 UART_INT/libUART_INT_lib.a(uart_int_cfg.c.obj)
 .debug_aranges
                0x0000000000000130       0x40 GPIO/libGPIO_lib.a(GPIO.c.obj)
 .debug_aranges
                0x0000000000000170       0xb8 USART/libUSART_lib.a(usart.c.obj)
 .debug_aranges
                0x0000000000000228       0x78 NVIC/libNVIC_lib.a(nvic.c.obj)
 .debug_aranges
                0x00000000000002a0       0x48 SYSTICK/libSYSTICK_lib.a(systick.c.obj)
 .debug_aranges
                0x00000000000002e8       0x78 RCC/libRCC_lib.a(rcc.c.obj)
 .debug_aranges
                0x0000000000000360       0x20 /usr/lib/gcc/arm-none-eabi/10.3.1/thumb/v7e-m+fp/softfp/libgcc.a(_arm_addsubdf3.o)
 .debug_aranges
                0x0000000000000380       0x20 /usr/lib/gcc/arm-none-eabi/10.3.1/thumb/v7e-m+fp/softfp/libgcc.a(_arm_fixunsdfsi.o)

.debug_ranges   0x0000000000000000      0x298
 .debug_ranges  0x0000000000000000       0x18 CMakeFiles/test.dir/src/main.c.obj
 .debug_ranges  0x0000000000000018       0x20 CMakeFiles/test.dir/home/adhamwalaa/gitHub_Repos/ES45_ARM/COTS/COMMON/startup.s.obj
 .debug_ranges  0x0000000000000038       0x18 LED/libLED_lib.a(led.c.obj)
 .debug_ranges  0x0000000000000050       0x30 SCHED/libSCHED_lib.a(scheduler.c.obj)
 .debug_ranges  0x0000000000000080       0x38 UART_INT/libUART_INT_lib.a(uart_int.c.obj)
 .debug_ranges  0x00000000000000b8       0x30 GPIO/libGPIO_lib.a(GPIO.c.obj)
 .debug_ranges  0x00000000000000e8       0xa8 USART/libUSART_lib.a(usart.c.obj)
 .debug_ranges  0x0000000000000190       0x68 NVIC/libNVIC_lib.a(nvic.c.obj)
 .debug_ranges  0x00000000000001f8       0x38 SYSTICK/libSYSTICK_lib.a(systick.c.obj)
 .debug_ranges  0x0000000000000230       0x68 RCC/libRCC_lib.a(rcc.c.obj)

.debug_line     0x0000000000000000     0x2476
 .debug_line    0x0000000000000000      0x131 CMakeFiles/test.dir/src/main.c.obj
 .debug_line    0x0000000000000131       0x98 CMakeFiles/test.dir/home/adhamwalaa/gitHub_Repos/ES45_ARM/COTS/COMMON/startup.s.obj
 .debug_line    0x00000000000001c9      0x258 LED/libLED_lib.a(led.c.obj)
 .debug_line    0x0000000000000421       0xeb LED/libLED_lib.a(led_cfg.c.obj)
 .debug_line    0x000000000000050c      0x221 SCHED/libSCHED_lib.a(scheduler.c.obj)
 .debug_line    0x000000000000072d      0x425 UART_INT/libUART_INT_lib.a(uart_int.c.obj)
 .debug_line    0x0000000000000b52      0x197 UART_INT/libUART_INT_lib.a(uart_int_cfg.c.obj)
 .debug_line    0x0000000000000ce9      0x31a GPIO/libGPIO_lib.a(GPIO.c.obj)
 .debug_line    0x0000000000001003      0x614 USART/libUSART_lib.a(usart.c.obj)
 .debug_line    0x0000000000001617      0x3ad NVIC/libNVIC_lib.a(nvic.c.obj)
 .debug_line    0x00000000000019c4      0x256 SYSTICK/libSYSTICK_lib.a(systick.c.obj)
 .debug_line    0x0000000000001c1a      0x661 RCC/libRCC_lib.a(rcc.c.obj)
 .debug_line    0x000000000000227b      0x186 /usr/lib/gcc/arm-none-eabi/10.3.1/thumb/v7e-m+fp/softfp/libgcc.a(_arm_addsubdf3.o)
 .debug_line    0x0000000000002401       0x75 /usr/lib/gcc/arm-none-eabi/10.3.1/thumb/v7e-m+fp/softfp/libgcc.a(_arm_fixunsdfsi.o)

.debug_str      0x0000000000000000     0x254a
 .debug_str     0x0000000000000000      0x1b8 CMakeFiles/test.dir/src/main.c.obj
                                        0x1dc (size before relaxing)
 .debug_str     0x00000000000001b8       0x49 CMakeFiles/test.dir/home/adhamwalaa/gitHub_Repos/ES45_ARM/COTS/COMMON/startup.s.obj
                                         0x80 (size before relaxing)
 .debug_str     0x0000000000000201      0x5cd LED/libLED_lib.a(led.c.obj)
                                        0x6e8 (size before relaxing)
 .debug_str     0x00000000000007ce       0x42 LED/libLED_lib.a(led_cfg.c.obj)
                                        0x3fd (size before relaxing)
 .debug_str     0x0000000000000810      0x18a SCHED/libSCHED_lib.a(scheduler.c.obj)
                                        0x2e0 (size before relaxing)
 .debug_str     0x000000000000099a      0x942 UART_INT/libUART_INT_lib.a(uart_int.c.obj)
                                        0xe7e (size before relaxing)
 .debug_str     0x00000000000012dc       0x4c UART_INT/libUART_INT_lib.a(uart_int_cfg.c.obj)
                                        0x4d8 (size before relaxing)
 .debug_str     0x0000000000001328      0x280 GPIO/libGPIO_lib.a(GPIO.c.obj)
                                        0x7a8 (size before relaxing)
 .debug_str     0x00000000000015a8      0x48e USART/libUSART_lib.a(usart.c.obj)
                                        0x809 (size before relaxing)
 .debug_str     0x0000000000001a36      0x2d0 NVIC/libNVIC_lib.a(nvic.c.obj)
                                        0x7e7 (size before relaxing)
 .debug_str     0x0000000000001d06      0x27c SYSTICK/libSYSTICK_lib.a(systick.c.obj)
                                        0x40e (size before relaxing)
 .debug_str     0x0000000000001f82      0x51b RCC/libRCC_lib.a(rcc.c.obj)
                                        0x69a (size before relaxing)
 .debug_str     0x000000000000249d       0xad /usr/lib/gcc/arm-none-eabi/10.3.1/thumb/v7e-m+fp/softfp/libgcc.a(_arm_addsubdf3.o)
 .debug_str     0x000000000000254a       0xad /usr/lib/gcc/arm-none-eabi/10.3.1/thumb/v7e-m+fp/softfp/libgcc.a(_arm_fixunsdfsi.o)

.debug_frame    0x0000000000000000      0xbb0
 .debug_frame   0x0000000000000000       0x50 CMakeFiles/test.dir/src/main.c.obj
 .debug_frame   0x0000000000000050       0x58 LED/libLED_lib.a(led.c.obj)
 .debug_frame   0x00000000000000a8       0xb0 SCHED/libSCHED_lib.a(scheduler.c.obj)
 .debug_frame   0x0000000000000158       0xec UART_INT/libUART_INT_lib.a(uart_int.c.obj)
 .debug_frame   0x0000000000000244       0xd8 GPIO/libGPIO_lib.a(GPIO.c.obj)
 .debug_frame   0x000000000000031c      0x304 USART/libUSART_lib.a(usart.c.obj)
 .debug_frame   0x0000000000000620      0x1f0 NVIC/libNVIC_lib.a(nvic.c.obj)
 .debug_frame   0x0000000000000810       0xe0 SYSTICK/libSYSTICK_lib.a(systick.c.obj)
 .debug_frame   0x00000000000008f0      0x1f0 RCC/libRCC_lib.a(rcc.c.obj)
 .debug_frame   0x0000000000000ae0       0xac /usr/lib/gcc/arm-none-eabi/10.3.1/thumb/v7e-m+fp/softfp/libgcc.a(_arm_addsubdf3.o)
 .debug_frame   0x0000000000000b8c       0x24 /usr/lib/gcc/arm-none-eabi/10.3.1/thumb/v7e-m+fp/softfp/libgcc.a(_arm_fixunsdfsi.o)
